// Jest Snapshot v1, https://goo.gl/fbAQLP

exports[`DisplayPhoneNumbers Component should mount correctly 1`] = `
ShallowWrapper {
  Symbol(enzyme.__root__): [Circular],
  Symbol(enzyme.__unrendered__): <DisplayPhoneNumbers
    phoneNumbers={
      Array [
        Object {
          "randomPhoneNumber": 223344,
        },
        Object {
          "randomPhoneNumber": 556677,
        },
        Object {
          "randomPhoneNumber": 889900,
        },
      ]
    }
  />,
  Symbol(enzyme.__renderer__): Object {
    "batchedUpdates": [Function],
    "checkPropTypes": [Function],
    "getNode": [Function],
    "render": [Function],
    "simulateError": [Function],
    "simulateEvent": [Function],
    "unmount": [Function],
  },
  Symbol(enzyme.__node__): Object {
    "instance": null,
    "key": undefined,
    "nodeType": "host",
    "props": Object {
      "children": Array [
        <table
          className="table table-bordered"
          style={
            Object {
              "width": "50%",
            }
          }
        >
          <thead>
            <tr>
              <th>
                #
              </th>
              <th
                className="text-center"
              >
                Generated Phone Numbers
              </th>
            </tr>
          </thead>
          <tbody
            className="scroll_body"
          >
            <tr>
              <td>
                1
              </td>
              <td
                className="text-center"
              >
                223344
              </td>
            </tr>
            <tr>
              <td>
                2
              </td>
              <td
                className="text-center"
              >
                556677
              </td>
            </tr>
            <tr>
              <td>
                3
              </td>
              <td
                className="text-center"
              >
                889900
              </td>
            </tr>
          </tbody>
        </table>,
        false,
        <Pagination
          onPageChange={[Function]}
          pages={1}
        />,
      ],
      "className": "container mt-5 d-flex justify-content-center",
    },
    "ref": null,
    "rendered": Array [
      Object {
        "instance": null,
        "key": undefined,
        "nodeType": "host",
        "props": Object {
          "children": Array [
            <thead>
              <tr>
                <th>
                  #
                </th>
                <th
                  className="text-center"
                >
                  Generated Phone Numbers
                </th>
              </tr>
            </thead>,
            <tbody
              className="scroll_body"
            >
              <tr>
                <td>
                  1
                </td>
                <td
                  className="text-center"
                >
                  223344
                </td>
              </tr>
              <tr>
                <td>
                  2
                </td>
                <td
                  className="text-center"
                >
                  556677
                </td>
              </tr>
              <tr>
                <td>
                  3
                </td>
                <td
                  className="text-center"
                >
                  889900
                </td>
              </tr>
            </tbody>,
          ],
          "className": "table table-bordered",
          "style": Object {
            "width": "50%",
          },
        },
        "ref": null,
        "rendered": Array [
          Object {
            "instance": null,
            "key": undefined,
            "nodeType": "host",
            "props": Object {
              "children": <tr>
                <th>
                  #
                </th>
                <th
                  className="text-center"
                >
                  Generated Phone Numbers
                </th>
              </tr>,
            },
            "ref": null,
            "rendered": Object {
              "instance": null,
              "key": undefined,
              "nodeType": "host",
              "props": Object {
                "children": Array [
                  <th>
                    #
                  </th>,
                  <th
                    className="text-center"
                  >
                    Generated Phone Numbers
                  </th>,
                ],
              },
              "ref": null,
              "rendered": Array [
                Object {
                  "instance": null,
                  "key": undefined,
                  "nodeType": "host",
                  "props": Object {
                    "children": "#",
                  },
                  "ref": null,
                  "rendered": "#",
                  "type": "th",
                },
                Object {
                  "instance": null,
                  "key": undefined,
                  "nodeType": "host",
                  "props": Object {
                    "children": "Generated Phone Numbers",
                    "className": "text-center",
                  },
                  "ref": null,
                  "rendered": "Generated Phone Numbers",
                  "type": "th",
                },
              ],
              "type": "tr",
            },
            "type": "thead",
          },
          Object {
            "instance": null,
            "key": undefined,
            "nodeType": "host",
            "props": Object {
              "children": Array [
                <tr>
                  <td>
                    1
                  </td>
                  <td
                    className="text-center"
                  >
                    223344
                  </td>
                </tr>,
                <tr>
                  <td>
                    2
                  </td>
                  <td
                    className="text-center"
                  >
                    556677
                  </td>
                </tr>,
                <tr>
                  <td>
                    3
                  </td>
                  <td
                    className="text-center"
                  >
                    889900
                  </td>
                </tr>,
              ],
              "className": "scroll_body",
            },
            "ref": null,
            "rendered": Array [
              Object {
                "instance": null,
                "key": "tableRow0",
                "nodeType": "host",
                "props": Object {
                  "children": Array [
                    <td>
                      1
                    </td>,
                    <td
                      className="text-center"
                    >
                      223344
                    </td>,
                  ],
                },
                "ref": null,
                "rendered": Array [
                  Object {
                    "instance": null,
                    "key": undefined,
                    "nodeType": "host",
                    "props": Object {
                      "children": 1,
                    },
                    "ref": null,
                    "rendered": 1,
                    "type": "td",
                  },
                  Object {
                    "instance": null,
                    "key": undefined,
                    "nodeType": "host",
                    "props": Object {
                      "children": 223344,
                      "className": "text-center",
                    },
                    "ref": null,
                    "rendered": 223344,
                    "type": "td",
                  },
                ],
                "type": "tr",
              },
              Object {
                "instance": null,
                "key": "tableRow1",
                "nodeType": "host",
                "props": Object {
                  "children": Array [
                    <td>
                      2
                    </td>,
                    <td
                      className="text-center"
                    >
                      556677
                    </td>,
                  ],
                },
                "ref": null,
                "rendered": Array [
                  Object {
                    "instance": null,
                    "key": undefined,
                    "nodeType": "host",
                    "props": Object {
                      "children": 2,
                    },
                    "ref": null,
                    "rendered": 2,
                    "type": "td",
                  },
                  Object {
                    "instance": null,
                    "key": undefined,
                    "nodeType": "host",
                    "props": Object {
                      "children": 556677,
                      "className": "text-center",
                    },
                    "ref": null,
                    "rendered": 556677,
                    "type": "td",
                  },
                ],
                "type": "tr",
              },
              Object {
                "instance": null,
                "key": "tableRow2",
                "nodeType": "host",
                "props": Object {
                  "children": Array [
                    <td>
                      3
                    </td>,
                    <td
                      className="text-center"
                    >
                      889900
                    </td>,
                  ],
                },
                "ref": null,
                "rendered": Array [
                  Object {
                    "instance": null,
                    "key": undefined,
                    "nodeType": "host",
                    "props": Object {
                      "children": 3,
                    },
                    "ref": null,
                    "rendered": 3,
                    "type": "td",
                  },
                  Object {
                    "instance": null,
                    "key": undefined,
                    "nodeType": "host",
                    "props": Object {
                      "children": 889900,
                      "className": "text-center",
                    },
                    "ref": null,
                    "rendered": 889900,
                    "type": "td",
                  },
                ],
                "type": "tr",
              },
            ],
            "type": "tbody",
          },
        ],
        "type": "table",
      },
      false,
      Object {
        "instance": null,
        "key": undefined,
        "nodeType": "function",
        "props": Object {
          "onPageChange": [Function],
          "pages": 1,
        },
        "ref": null,
        "rendered": null,
        "type": [Function],
      },
    ],
    "type": "div",
  },
  Symbol(enzyme.__nodes__): Array [
    Object {
      "instance": null,
      "key": undefined,
      "nodeType": "host",
      "props": Object {
        "children": Array [
          <table
            className="table table-bordered"
            style={
              Object {
                "width": "50%",
              }
            }
          >
            <thead>
              <tr>
                <th>
                  #
                </th>
                <th
                  className="text-center"
                >
                  Generated Phone Numbers
                </th>
              </tr>
            </thead>
            <tbody
              className="scroll_body"
            >
              <tr>
                <td>
                  1
                </td>
                <td
                  className="text-center"
                >
                  223344
                </td>
              </tr>
              <tr>
                <td>
                  2
                </td>
                <td
                  className="text-center"
                >
                  556677
                </td>
              </tr>
              <tr>
                <td>
                  3
                </td>
                <td
                  className="text-center"
                >
                  889900
                </td>
              </tr>
            </tbody>
          </table>,
          false,
          <Pagination
            onPageChange={[Function]}
            pages={1}
          />,
        ],
        "className": "container mt-5 d-flex justify-content-center",
      },
      "ref": null,
      "rendered": Array [
        Object {
          "instance": null,
          "key": undefined,
          "nodeType": "host",
          "props": Object {
            "children": Array [
              <thead>
                <tr>
                  <th>
                    #
                  </th>
                  <th
                    className="text-center"
                  >
                    Generated Phone Numbers
                  </th>
                </tr>
              </thead>,
              <tbody
                className="scroll_body"
              >
                <tr>
                  <td>
                    1
                  </td>
                  <td
                    className="text-center"
                  >
                    223344
                  </td>
                </tr>
                <tr>
                  <td>
                    2
                  </td>
                  <td
                    className="text-center"
                  >
                    556677
                  </td>
                </tr>
                <tr>
                  <td>
                    3
                  </td>
                  <td
                    className="text-center"
                  >
                    889900
                  </td>
                </tr>
              </tbody>,
            ],
            "className": "table table-bordered",
            "style": Object {
              "width": "50%",
            },
          },
          "ref": null,
          "rendered": Array [
            Object {
              "instance": null,
              "key": undefined,
              "nodeType": "host",
              "props": Object {
                "children": <tr>
                  <th>
                    #
                  </th>
                  <th
                    className="text-center"
                  >
                    Generated Phone Numbers
                  </th>
                </tr>,
              },
              "ref": null,
              "rendered": Object {
                "instance": null,
                "key": undefined,
                "nodeType": "host",
                "props": Object {
                  "children": Array [
                    <th>
                      #
                    </th>,
                    <th
                      className="text-center"
                    >
                      Generated Phone Numbers
                    </th>,
                  ],
                },
                "ref": null,
                "rendered": Array [
                  Object {
                    "instance": null,
                    "key": undefined,
                    "nodeType": "host",
                    "props": Object {
                      "children": "#",
                    },
                    "ref": null,
                    "rendered": "#",
                    "type": "th",
                  },
                  Object {
                    "instance": null,
                    "key": undefined,
                    "nodeType": "host",
                    "props": Object {
                      "children": "Generated Phone Numbers",
                      "className": "text-center",
                    },
                    "ref": null,
                    "rendered": "Generated Phone Numbers",
                    "type": "th",
                  },
                ],
                "type": "tr",
              },
              "type": "thead",
            },
            Object {
              "instance": null,
              "key": undefined,
              "nodeType": "host",
              "props": Object {
                "children": Array [
                  <tr>
                    <td>
                      1
                    </td>
                    <td
                      className="text-center"
                    >
                      223344
                    </td>
                  </tr>,
                  <tr>
                    <td>
                      2
                    </td>
                    <td
                      className="text-center"
                    >
                      556677
                    </td>
                  </tr>,
                  <tr>
                    <td>
                      3
                    </td>
                    <td
                      className="text-center"
                    >
                      889900
                    </td>
                  </tr>,
                ],
                "className": "scroll_body",
              },
              "ref": null,
              "rendered": Array [
                Object {
                  "instance": null,
                  "key": "tableRow0",
                  "nodeType": "host",
                  "props": Object {
                    "children": Array [
                      <td>
                        1
                      </td>,
                      <td
                        className="text-center"
                      >
                        223344
                      </td>,
                    ],
                  },
                  "ref": null,
                  "rendered": Array [
                    Object {
                      "instance": null,
                      "key": undefined,
                      "nodeType": "host",
                      "props": Object {
                        "children": 1,
                      },
                      "ref": null,
                      "rendered": 1,
                      "type": "td",
                    },
                    Object {
                      "instance": null,
                      "key": undefined,
                      "nodeType": "host",
                      "props": Object {
                        "children": 223344,
                        "className": "text-center",
                      },
                      "ref": null,
                      "rendered": 223344,
                      "type": "td",
                    },
                  ],
                  "type": "tr",
                },
                Object {
                  "instance": null,
                  "key": "tableRow1",
                  "nodeType": "host",
                  "props": Object {
                    "children": Array [
                      <td>
                        2
                      </td>,
                      <td
                        className="text-center"
                      >
                        556677
                      </td>,
                    ],
                  },
                  "ref": null,
                  "rendered": Array [
                    Object {
                      "instance": null,
                      "key": undefined,
                      "nodeType": "host",
                      "props": Object {
                        "children": 2,
                      },
                      "ref": null,
                      "rendered": 2,
                      "type": "td",
                    },
                    Object {
                      "instance": null,
                      "key": undefined,
                      "nodeType": "host",
                      "props": Object {
                        "children": 556677,
                        "className": "text-center",
                      },
                      "ref": null,
                      "rendered": 556677,
                      "type": "td",
                    },
                  ],
                  "type": "tr",
                },
                Object {
                  "instance": null,
                  "key": "tableRow2",
                  "nodeType": "host",
                  "props": Object {
                    "children": Array [
                      <td>
                        3
                      </td>,
                      <td
                        className="text-center"
                      >
                        889900
                      </td>,
                    ],
                  },
                  "ref": null,
                  "rendered": Array [
                    Object {
                      "instance": null,
                      "key": undefined,
                      "nodeType": "host",
                      "props": Object {
                        "children": 3,
                      },
                      "ref": null,
                      "rendered": 3,
                      "type": "td",
                    },
                    Object {
                      "instance": null,
                      "key": undefined,
                      "nodeType": "host",
                      "props": Object {
                        "children": 889900,
                        "className": "text-center",
                      },
                      "ref": null,
                      "rendered": 889900,
                      "type": "td",
                    },
                  ],
                  "type": "tr",
                },
              ],
              "type": "tbody",
            },
          ],
          "type": "table",
        },
        false,
        Object {
          "instance": null,
          "key": undefined,
          "nodeType": "function",
          "props": Object {
            "onPageChange": [Function],
            "pages": 1,
          },
          "ref": null,
          "rendered": null,
          "type": [Function],
        },
      ],
      "type": "div",
    },
  ],
  Symbol(enzyme.__options__): Object {
    "adapter": ReactSixteenAdapter {
      "options": Object {
        "enableComponentDidUpdateOnSetState": true,
        "legacyContextMode": "parent",
        "lifecycles": Object {
          "componentDidUpdate": Object {
            "onSetState": true,
          },
          "getChildContext": Object {
            "calledByRenderer": false,
          },
          "getDerivedStateFromProps": true,
          "getSnapshotBeforeUpdate": true,
          "setState": Object {
            "skipsComponentDidUpdateOnNullish": true,
          },
        },
      },
    },
  },
  Symbol(enzyme.__childContext__): null,
}
`;
